// Jest Snapshot v1, https://goo.gl/fbAQLP

exports[`withFilmPlayer is rendered correctly 1`] = `<div />`;
