// Jest Snapshot v1, https://goo.gl/fbAQLP

exports[`withSubmit is rendered correctly 1`] = `<div />`;
