// Jest Snapshot v1, https://goo.gl/fbAQLP

exports[`Render User 1`] = `
<div
  className="user-block"
>
  <div
    className="user-block__avatar"
  >
    <a
      href="/mylist"
      onClick={[Function]}
    >
      <img
        alt="User avatar"
        height="63"
        src="https://4.react.pages.academyimg/1.png"
        width="63"
      />
    </a>
  </div>
</div>
`;
