// Jest Snapshot v1, https://goo.gl/fbAQLP

exports[`Render FilmList 1`] = `
<div
  className="catalog__movies-list"
>
  <article
    className="small-movie-card catalog__movies-card"
    data-index={0}
    id={1}
    onClick={[Function]}
    onMouseLeave={[Function]}
    onMouseOver={[Function]}
  >
    <div
      className="small-movie-card__image"
    >
      <img
        alt="Fantastic Beasts"
        height="175"
        src="img/bohemian-rhapsody.jpg"
        width="280"
      />
    </div>
    <h3
      className="small-movie-card__title"
    >
      <a
        className="small-movie-card__link"
        href="movie-page.html"
      >
        Fantastic Beasts
      </a>
    </h3>
  </article>
  <article
    className="small-movie-card catalog__movies-card"
    data-index={1}
    id={1}
    onClick={[Function]}
    onMouseLeave={[Function]}
    onMouseOver={[Function]}
  >
    <div
      className="small-movie-card__image"
    >
      <img
        alt="Fantastic Beasts"
        height="175"
        src="img/bohemian-rhapsody.jpg"
        width="280"
      />
    </div>
    <h3
      className="small-movie-card__title"
    >
      <a
        className="small-movie-card__link"
        href="movie-page.html"
      >
        Fantastic Beasts
      </a>
    </h3>
  </article>
  <article
    className="small-movie-card catalog__movies-card"
    data-index={2}
    id={1}
    onClick={[Function]}
    onMouseLeave={[Function]}
    onMouseOver={[Function]}
  >
    <div
      className="small-movie-card__image"
    >
      <img
        alt="Fantastic Beasts"
        height="175"
        src="img/bohemian-rhapsody.jpg"
        width="280"
      />
    </div>
    <h3
      className="small-movie-card__title"
    >
      <a
        className="small-movie-card__link"
        href="movie-page.html"
      >
        Fantastic Beasts
      </a>
    </h3>
  </article>
</div>
`;
